// Jest Snapshot v1, https://goo.gl/fbAQLP

exports[`<Player /> renders the <Player /> with the bunny video 1`] = `
<div
  class="player__Container-sc-1xb8ykk-0"
>
  <button
    class="player__Button-sc-1xb8ykk-4 gCEmxm"
  >
    Play
  </button>
</div>
`;
